AR bin2hex behavioral C:/Users/MESTERBIN/Desktop/VHDL_PROJET/Alarm.vhd sub00/vhpl03 1599438789
AR clk_div behavioral C:/Users/MESTERBIN/Desktop/VHDL_PROJET/Alarm.vhd sub00/vhpl05 1599438791
EN digital_clock NULL C:/Users/MESTERBIN/Desktop/VHDL_PROJET/Alarm.vhd sub00/vhpl00 1599438786
AR digital_clock behavioral C:/Users/MESTERBIN/Desktop/VHDL_PROJET/Alarm.vhd sub00/vhpl01 1599438787
EN bin2hex NULL C:/Users/MESTERBIN/Desktop/VHDL_PROJET/Alarm.vhd sub00/vhpl02 1599438788
AR tb_digital_clock behavior C:/Users/MESTERBIN/Desktop/VHDL_PROJET/Test.vhd sub00/vhpl07 1599438793
EN tb_digital_clock NULL C:/Users/MESTERBIN/Desktop/VHDL_PROJET/Test.vhd sub00/vhpl06 1599438792
EN clk_div NULL C:/Users/MESTERBIN/Desktop/VHDL_PROJET/Alarm.vhd sub00/vhpl04 1599438790
