V3 13
FL C:/Users/MESTERBIN/Desktop/VHDL_PROJET/Alarm.vhd 2020/09/07.01:59:34 J.36
EN isim_temp/digital_clock 1599438786 \
      FL C:/Users/MESTERBIN/Desktop/VHDL_PROJET/Alarm.vhd PB ieee/std_logic_1164 1179176983 \
      PB ieee/std_logic_arith 1179176985 PB ieee/STD_LOGIC_UNSIGNED 1179176991 \
      PB ieee/NUMERIC_STD 1179176997
AR isim_temp/digital_clock/Behavioral 1599438787 \
      FL C:/Users/MESTERBIN/Desktop/VHDL_PROJET/Alarm.vhd \
      EN isim_temp/digital_clock 1599438786 CP clk_div CP bin2hex
EN isim_temp/bin2hex 1599438788 \
      FL C:/Users/MESTERBIN/Desktop/VHDL_PROJET/Alarm.vhd PB ieee/std_logic_1164 1179176983
AR isim_temp/bin2hex/Behavioral 1599438789 \
      FL C:/Users/MESTERBIN/Desktop/VHDL_PROJET/Alarm.vhd EN isim_temp/bin2hex 1599438788
EN isim_temp/clk_div 1599438790 \
      FL C:/Users/MESTERBIN/Desktop/VHDL_PROJET/Alarm.vhd PB ieee/std_logic_1164 1179176983 \
      PB ieee/STD_LOGIC_UNSIGNED 1179176991
AR isim_temp/clk_div/Behavioral 1599438791 \
      FL C:/Users/MESTERBIN/Desktop/VHDL_PROJET/Alarm.vhd EN isim_temp/clk_div 1599438790
FL C:/Users/MESTERBIN/Desktop/VHDL_PROJET/Test.vhd 2020/09/07.02:02:17 J.36
EN isim_temp/tb_digital_clock 1599438792 \
      FL C:/Users/MESTERBIN/Desktop/VHDL_PROJET/Test.vhd PB ieee/std_logic_1164 1179176983 \
      PB ieee/std_logic_arith 1179176985 PB ieee/STD_LOGIC_UNSIGNED 1179176991
AR isim_temp/tb_digital_clock/behavior 1599438793 \
      FL C:/Users/MESTERBIN/Desktop/VHDL_PROJET/Test.vhd \
      EN isim_temp/tb_digital_clock 1599438792 CP digital_clock
